// Jest Snapshot v1, https://goo.gl/fbAQLP

exports[`ACTION_CONSTANTS should match the snapshot 1`] = `
Object {
  "ACCESS_ADDING": "ACCESS_ADDING",
  "APPLICATIONS_ERROR": "APPLICATIONS_ERROR",
  "APPLICATION_COUNT": "APPLICATION_COUNT",
  "APPLICATION_COUNT_RESPONSE": "APPLICATION_COUNT_RESPONSE",
  "APPLICATION_DETAIL": "APPLICATION_DETAIL",
  "APPLICATION_DETAIL_STATUS_CODE": "APPLICATION_DETAIL_STATUS_CODE",
  "APPLICATION_HISTORY_DETAIL": "APPLICATION_HISTORY_DETAIL",
  "APPLICATION_LIST_ACTIVE_PAGE": "APPLICATION_LIST_ACTIVE_PAGE",
  "APPLICATION_PROCESS": "APPLICATION_PROCESS",
  "APPLICATION_STATUS_LIST": "APPLICATION_STATUS_LIST",
  "BPM_FILTER_LIST": "BPM_FILTER_LIST",
  "BPM_FORM_LIST": "BPM_FORM_LIST",
  "BPM_FORM_LIST_LIMIT_CHANGE": "BPM_FORM_LIST_LIMIT_CHANGE",
  "BPM_FORM_LIST_PAGE_CHANGE": "BPM_FORM_LIST_PAGE_CHANGE",
  "BPM_FORM_LIST_SORT_CHANGE": "BPM_FORM_LIST_SORT_CHANGE",
  "BPM_FORM_LOADING": "BPM_FORM_LOADING",
  "BPM_FORM_SEARCH": "BPM_FORM_SEARCH",
  "BPM_FORM_TYPE": "BPM_FORM_TYPE",
  "BPM_LIST_TASKS": "BPM_LIST_TASKS",
  "BPM_MAINTAIN_PAGINATION": "BPM_MAINTAIN_PAGINATION",
  "BPM_PROCESS_LIST": "BPM_PROCESS_LIST",
  "BPM_SELECTED_FILTER": "BPM_SELECTED_FILTER",
  "BPM_TASKS_COUNT": "BPM_TASKS_COUNT",
  "BPM_TASK_DETAIL": "BPM_TASK_DETAIL",
  "BPM_TASK_LIST_ACTIVE_PAGE": "BPM_TASK_LIST_ACTIVE_PAGE",
  "BPM_USER_LIST": "BPM_USER_LIST",
  "CHANGE_SIZE_PER_PAGE": "CHANGE_SIZE_PER_PAGE",
  "CLEANUP_INSIGHTS": "CLEANUP_INSIGHTS",
  "CUSTOM_SUBMISSION": "CUSTOM_SUBMISSION",
  "DASHBOARDS_LIST": "DASHBOARDS_LIST",
  "DASHBOARDS_LIST_ERROR": "DASHBOARDS_LIST_ERROR",
  "DASHBOARDS_LIST_GROUPS": "DASHBOARDS_LIST_GROUPS",
  "DASHBOARDS_UPDATE_ERROR": "DASHBOARDS_UPDATE_ERROR",
  "DASHBOARD_DETAIL": "DASHBOARD_DETAIL",
  "DEPLOYMENT_LIST": "DEPLOYMENT_LIST",
  "DMN_PROCESS_LIST": "DMN_PROCESS_LIST",
  "DRAFT_COUNT": "DRAFT_COUNT",
  "DRAFT_DELETE": "DRAFT_DELETE",
  "DRAFT_DETAIL": "DRAFT_DETAIL",
  "DRAFT_DETAIL_STATUS_CODE": "DRAFT_DETAIL_STATUS_CODE",
  "DRAFT_LAST_UPDATED": "DRAFT_LAST_UPDATED",
  "DRAFT_LIST": "DRAFT_LIST",
  "DRAFT_LIST_LOADER": "DRAFT_LIST_LOADER",
  "DRAFT_SUBMISSION_ERROR": "DRAFT_SUBMISSION_ERROR",
  "ERROR": "ERROR",
  "FORM_CHECK_LIST_UPDATE": "FORM_CHECK_LIST_UPDATE",
  "FORM_CLEAR_ERROR": "FORM_CLEAR_ERROR",
  "FORM_DELETE": "FORM_DELETE",
  "FORM_FAILURE": "FORM_FAILURE",
  "FORM_HISTORY": "FORM_HISTORY",
  "FORM_PREVIOUS_DATA": "FORM_PREVIOUS_DATA",
  "FORM_PROCESS_LIST": "FORM_PROCESS_LIST",
  "FORM_REQUEST": "FORM_REQUEST",
  "FORM_RESET": "FORM_RESET",
  "FORM_SAVE": "FORM_SAVE",
  "FORM_STATUS_LOADING": "FORM_STATUS_LOADING",
  "FORM_SUBMISSION_DELETE": "FORM_SUBMISSION_DELETE",
  "FORM_SUBMISSION_ERROR": "FORM_SUBMISSION_ERROR",
  "FORM_SUCCESS": "FORM_SUCCESS",
  "FORM_UPLOAD_COUNTER": "FORM_UPLOAD_COUNTER",
  "FORM_UPLOAD_FAILURE_COUNTER": "FORM_UPLOAD_FAILURE_COUNTER",
  "FORM_UPLOAD_LIST": "FORM_UPLOAD_LIST",
  "INSIGHT_ERROR": "INSIGHT_ERROR",
  "IS_APPLICATION_COUNT_LOADING": "IS_APPLICATION_COUNT_LOADING",
  "IS_APPLICATION_DETAIL_LOADING": "IS_APPLICATION_DETAIL_LOADING",
  "IS_APPLICATION_LIST_LOADING": "IS_APPLICATION_LIST_LOADING",
  "IS_APPLICATION_UPDATING": "IS_APPLICATION_UPDATING",
  "IS_BPM_FILTERS_LOADING": "IS_BPM_FILTERS_LOADING",
  "IS_BPM_FORM_LIST_LOADING": "IS_BPM_FORM_LIST_LOADING",
  "IS_BPM_TASK_DETAIL_LOADING": "IS_BPM_TASK_DETAIL_LOADING",
  "IS_BPM_TASK_DETAIL_UPDATING": "IS_BPM_TASK_DETAIL_UPDATING",
  "IS_BPM_TASK_LOADING": "IS_BPM_TASK_LOADING",
  "IS_BPM_TASK_UPDATING": "IS_BPM_TASK_UPDATING",
  "IS_DASHBOARD_LOADING": "IS_DASHBOARD_LOADING",
  "IS_FORM_LOADING": "IS_FORM_LOADING",
  "IS_FORM_PROCESS_STATUS_LOAD_ERROR": "IS_FORM_PROCESS_STATUS_LOAD_ERROR",
  "IS_FORM_SEARCH_LOADING": "IS_FORM_SEARCH_LOADING",
  "IS_FORM_SUBMISSION_LOADING": "IS_FORM_SUBMISSION_LOADING",
  "IS_FORM_WORKFLOW_SAVED": "IS_FORM_WORKFLOW_SAVED",
  "IS_HISTORY_LOADING": "IS_HISTORY_LOADING",
  "IS_INSIGHT_DETAIL_LOADING": "IS_INSIGHT_DETAIL_LOADING",
  "IS_LOADING": "IS_LOADING",
  "IS_METRICS_LOADING": "IS_METRICS_LOADING",
  "IS_METRICS_STATUS_LOADING": "IS_METRICS_STATUS_LOADING",
  "IS_PROCESS_ACTIVITY_LOAD_ERROR": "IS_PROCESS_ACTIVITY_LOAD_ERROR",
  "IS_PROCESS_DIAGRAM_LOADING": "IS_PROCESS_DIAGRAM_LOADING",
  "IS_PROCESS_STATUS_LOADING": "IS_PROCESS_STATUS_LOADING",
  "IS_PROCESS_STATUS_LOAD_ERROR": "IS_PROCESS_STATUS_LOAD_ERROR",
  "IS_PUBLIC_STATUS_LOADING": "IS_PUBLIC_STATUS_LOADING",
  "IS_TASK_GROUP_LOADING": "IS_TASK_GROUP_LOADING",
  "IS_TENANT_DETAIL_LOADING": "IS_TENANT_DETAIL_LOADING",
  "LIST_APPLICATIONS": "LIST_APPLICATIONS",
  "LIST_APPLICATIONS_OF_FORM": "LIST_APPLICATIONS_OF_FORM",
  "LIST_APPLICATION_HISTORY": "LIST_APPLICATION_HISTORY",
  "LIST_DASHBOARDS": "LIST_DASHBOARDS",
  "METRICS_DATE_RANGE_LOADING": "METRICS_DATE_RANGE_LOADING",
  "METRICS_LIST": "METRICS_LIST",
  "METRICS_LOAD_ERROR": "METRICS_LOAD_ERROR",
  "METRICS_STATUS_LOAD_ERROR": "METRICS_STATUS_LOAD_ERROR",
  "METRICS_SUBMISSIONS": "METRICS_SUBMISSIONS",
  "METRICS_SUBMISSIONS_COUNT": "METRICS_SUBMISSIONS_COUNT",
  "METRICS_SUBMISSIONS_LIST_LIMIT_CHANGE": "METRICS_SUBMISSIONS_LIST_LIMIT_CHANGE",
  "METRICS_SUBMISSIONS_LIST_PAGE_CHANGE": "METRICS_SUBMISSIONS_LIST_PAGE_CHANGE",
  "METRICS_SUBMISSIONS_SEARCH": "METRICS_SUBMISSIONS_SEARCH",
  "METRICS_SUBMISSIONS_SORT_CHANGE": "METRICS_SUBMISSIONS_SORT_CHANGE",
  "METRICS_SUBMISSIONS_STATUS": "METRICS_SUBMISSIONS_STATUS",
  "METRICS_SUBMISSION_DATE": "METRICS_SUBMISSION_DATE",
  "METRICS_SUBMISSION_STATUS_COUNT_LOADER": "METRICS_SUBMISSION_STATUS_COUNT_LOADER",
  "PROCESS_ACTIVITIES": "PROCESS_ACTIVITIES",
  "PROCESS_DIAGRAM_XML": "PROCESS_DIAGRAM_XML",
  "PROCESS_LIST": "PROCESS_LIST",
  "PROCESS_STATUS_LIST": "PROCESS_STATUS_LIST",
  "PUBLIC_FORM_STATUS": "PUBLIC_FORM_STATUS",
  "PUBLIC_FORM_SUBMIT": "IS_FORM_SUBMITTED",
  "RELOAD_TASK_FORM_SUBMISSION": "RELOAD_TASK_FORM_SUBMISSION",
  "RESET_PROCESS": "RESET_PROCESS",
  "RESET_TENANT": "RESET_TENANT",
  "RESTORE_FORM_DATA": "RESTORE_FORM_DATA",
  "RESTORE_FORM_ID": "RESTORE_FORM_ID",
  "ROLE_IDS": "ROLE_IDS",
  "SAVE_DRAFT_DATA": "SAVE_DRAFT_DATA",
  "SELECTED_METRICS_ID": "SELECTED_METRICS_ID",
  "SELECTED_TASK_ID": "SELECTED_TASK_ID",
  "SET_APPLICATION_LIST_COUNT": "SET_APPLICATION_LIST_COUNT",
  "SET_AUTHORIZATIONS": "SET_AUTHORIZATIONS",
  "SET_CURRENT_PAGE": "SET_CURRENT_PAGE",
  "SET_DRAFT_COUNT_PER_PAGE": "SET_DRAFT_COUNT_PER_PAGE",
  "SET_DRAFT_LIST_ACTIVE_PAGE": "SET_DRAFT_LIST_ACTIVE_PAGE",
  "SET_LANGUAGE": "SET_LANGUAGE",
  "SET_SELECT_LANGUAGES": "SET_SELECT_LANGUAGES",
  "SET_TASK_GROUP": "SET_TASK_GROUP",
  "SET_TENANT_DATA": "SET_TENANT_DATA",
  "SET_TENANT_DETAILS": "SET_TENANT_DETAILS",
  "SET_TENANT_ID": "SET_TENANT_ID",
  "SET_USER_AUTHENTICATION": "SET_USER_AUTHENTICATION",
  "SET_USER_DETAILS": "SET_USER_DETAILS",
  "SET_USER_ROLES": "SET_USER_ROLES",
  "SET_USER_TOKEN": "SET_USER_TOKEN",
  "SUBMISSION_CLEAR_ERROR": "SUBMISSION_CLEAR_ERROR",
  "TOGGLE_MENU": "TOGGLE_MENU",
  "UNPUBLISH_API_ERROR": "UNPUBLISH_API_ERROR",
  "UPDATE_AUTHORIZATIONS": "UPDATE_AUTHORIZATIONS",
  "UPDATE_FILTER_LIST_SEARCH_PARAMS": "UPDATE_FILTER_LIST_SEARCH_PARAMS",
  "UPDATE_FILTER_LIST_SORT_PARAMS": "UPDATE_FILTER_LIST_SORT_PARAMS",
  "UPDATE_LIST_PARAMS": "UPDATE_LIST_PARAMS",
  "UPDATE_SEARCH_QUERY_TYPE": "UPDATE_SEARCH_QUERY_TYPE",
  "UPDATE_VARIABLE_NAME_IGNORE_CASE": "UPDATE_VARIABLE_NAME_IGNORE_CASE",
  "UPDATE_VARIABLE_VALUE_IGNORE_CASE": "UPDATE_VARIABLE_VALUE_IGNORE_CASE",
  "WORKFLOW_ASSOCIATION_CHANGED": "WORKFLOW_ASSOCIATION_CHANGED",
}
`;
